  姝ｅ湪纭畾瑕佽繕鍘熺殑椤圭洰鈥?
  鎵€鏈夐」鐩潎鏄渶鏂扮殑锛屾棤娉曡繕鍘熴€?
C:\Users\huaji\Workplace\github\Catga\src\Catga\Flow\Extensions\ServiceCollectionExtensions.cs(37,29): error CS1061: 鈥淔lowDslOptions鈥濇湭鍖呭惈鈥淪torageType鈥濈殑瀹氫箟锛屽苟涓旀壘涓嶅埌鍙帴鍙楃涓€涓€淔lowDslOptions鈥濈被鍨嬪弬鏁扮殑鍙闂墿灞曟柟娉曗€淪torageType鈥?鏄惁缂哄皯 using 鎸囦护鎴栫▼搴忛泦寮曠敤?) [C:\Users\huaji\Workplace\github\Catga\src\Catga\Catga.csproj::TargetFramework=net9.0]
C:\Users\huaji\Workplace\github\Catga\src\Catga\Flow\Extensions\ServiceCollectionExtensions.cs(39,22): error CS0029: 鏃犳硶灏嗙被鍨嬧€渟tring鈥濋殣寮忚浆鎹负鈥渋nt鈥?[C:\Users\huaji\Workplace\github\Catga\src\Catga\Catga.csproj::TargetFramework=net9.0]
C:\Users\huaji\Workplace\github\Catga\src\Catga\Flow\Extensions\ServiceCollectionExtensions.cs(40,43): error CS0246: 鏈兘鎵惧埌绫诲瀷鎴栧懡鍚嶇┖闂村悕鈥淪tackExchange鈥?鏄惁缂哄皯 using 鎸囦护鎴栫▼搴忛泦寮曠敤?) [C:\Users\huaji\Workplace\github\Catga\src\Catga\Catga.csproj::TargetFramework=net9.0]
C:\Users\huaji\Workplace\github\Catga\src\Catga\Flow\Extensions\ServiceCollectionExtensions.cs(41,25): error CS0103: 褰撳墠涓婁笅鏂囦腑涓嶅瓨鍦ㄥ悕绉扳€淪tackExchange鈥?[C:\Users\huaji\Workplace\github\Catga\src\Catga\Catga.csproj::TargetFramework=net9.0]
C:\Users\huaji\Workplace\github\Catga\src\Catga\Flow\Extensions\ServiceCollectionExtensions.cs(41,83): error CS1061: 鈥淔lowDslOptions鈥濇湭鍖呭惈鈥淩edisConnectionString鈥濈殑瀹氫箟锛屽苟涓旀壘涓嶅埌鍙帴鍙楃涓€涓€淔lowDslOptions鈥濈被鍨嬪弬鏁扮殑鍙闂墿灞曟柟娉曗€淩edisConnectionString鈥?鏄惁缂哄皯 using 鎸囦护鎴栫▼搴忛泦寮曠敤?) [C:\Users\huaji\Workplace\github\Catga\src\Catga\Catga.csproj::TargetFramework=net9.0]
C:\Users\huaji\Workplace\github\Catga\src\Catga\Flow\Extensions\ServiceCollectionExtensions.cs(44,59): error CS0246: 鏈兘鎵惧埌绫诲瀷鎴栧懡鍚嶇┖闂村悕鈥淪tackExchange鈥?鏄惁缂哄皯 using 鎸囦护鎴栫▼搴忛泦寮曠敤?) [C:\Users\huaji\Workplace\github\Catga\src\Catga\Catga.csproj::TargetFramework=net9.0]
C:\Users\huaji\Workplace\github\Catga\src\Catga\Flow\Extensions\ServiceCollectionExtensions.cs(46,42): error CS0234: 鍛藉悕绌洪棿鈥淐atga鈥濅腑涓嶅瓨鍦ㄧ被鍨嬫垨鍛藉悕绌洪棿鍚嶁€淧ersistence鈥?鏄惁缂哄皯绋嬪簭闆嗗紩鐢?) [C:\Users\huaji\Workplace\github\Catga\src\Catga\Catga.csproj::TargetFramework=net9.0]
C:\Users\huaji\Workplace\github\Catga\src\Catga\Flow\Extensions\ServiceCollectionExtensions.cs(49,22): error CS0029: 鏃犳硶灏嗙被鍨嬧€渟tring鈥濋殣寮忚浆鎹负鈥渋nt鈥?[C:\Users\huaji\Workplace\github\Catga\src\Catga\Catga.csproj::TargetFramework=net9.0]
C:\Users\huaji\Workplace\github\Catga\src\Catga\Flow\Extensions\ServiceCollectionExtensions.cs(50,43): error CS0246: 鏈兘鎵惧埌绫诲瀷鎴栧懡鍚嶇┖闂村悕鈥淣ATS鈥?鏄惁缂哄皯 using 鎸囦护鎴栫▼搴忛泦寮曠敤?) [C:\Users\huaji\Workplace\github\Catga\src\Catga\Catga.csproj::TargetFramework=net9.0]
C:\Users\huaji\Workplace\github\Catga\src\Catga\Flow\Extensions\ServiceCollectionExtensions.cs(52,44): error CS0246: 鏈兘鎵惧埌绫诲瀷鎴栧懡鍚嶇┖闂村悕鈥淣ATS鈥?鏄惁缂哄皯 using 鎸囦护鎴栫▼搴忛泦寮曠敤?) [C:\Users\huaji\Workplace\github\Catga\src\Catga\Catga.csproj::TargetFramework=net9.0]
C:\Users\huaji\Workplace\github\Catga\src\Catga\Flow\Extensions\ServiceCollectionExtensions.cs(52,86): error CS1061: 鈥淔lowDslOptions鈥濇湭鍖呭惈鈥淣atsUrl鈥濈殑瀹氫箟锛屽苟涓旀壘涓嶅埌鍙帴鍙楃涓€涓€淔lowDslOptions鈥濈被鍨嬪弬鏁扮殑鍙闂墿灞曟柟娉曗€淣atsUrl鈥?鏄惁缂哄皯 using 鎸囦护鎴栫▼搴忛泦寮曠敤?) [C:\Users\huaji\Workplace\github\Catga\src\Catga\Catga.csproj::TargetFramework=net9.0]
C:\Users\huaji\Workplace\github\Catga\src\Catga\Flow\Extensions\ServiceCollectionExtensions.cs(53,36): error CS0246: 鏈兘鎵惧埌绫诲瀷鎴栧懡鍚嶇┖闂村悕鈥淣ATS鈥?鏄惁缂哄皯 using 鎸囦护鎴栫▼搴忛泦寮曠敤?) [C:\Users\huaji\Workplace\github\Catga\src\Catga\Catga.csproj::TargetFramework=net9.0]
C:\Users\huaji\Workplace\github\Catga\src\Catga\Flow\Extensions\ServiceCollectionExtensions.cs(57,58): error CS0246: 鏈兘鎵惧埌绫诲瀷鎴栧懡鍚嶇┖闂村悕鈥淣ATS鈥?鏄惁缂哄皯 using 鎸囦护鎴栫▼搴忛泦寮曠敤?) [C:\Users\huaji\Workplace\github\Catga\src\Catga\Catga.csproj::TargetFramework=net9.0]
C:\Users\huaji\Workplace\github\Catga\src\Catga\Flow\Extensions\ServiceCollectionExtensions.cs(59,42): error CS0234: 鍛藉悕绌洪棿鈥淐atga鈥濅腑涓嶅瓨鍦ㄧ被鍨嬫垨鍛藉悕绌洪棿鍚嶁€淧ersistence鈥?鏄惁缂哄皯绋嬪簭闆嗗紩鐢?) [C:\Users\huaji\Workplace\github\Catga\src\Catga\Catga.csproj::TargetFramework=net9.0]
C:\Users\huaji\Workplace\github\Catga\src\Catga\Flow\Extensions\ServiceCollectionExtensions.cs(91,31): error CS0246: 鏈兘鎵惧埌绫诲瀷鎴栧懡鍚嶇┖闂村悕鈥淪tackExchange鈥?鏄惁缂哄皯 using 鎸囦护鎴栫▼搴忛泦寮曠敤?) [C:\Users\huaji\Workplace\github\Catga\src\Catga\Catga.csproj::TargetFramework=net9.0]
C:\Users\huaji\Workplace\github\Catga\src\Catga\Flow\Extensions\ServiceCollectionExtensions.cs(92,13): error CS0103: 褰撳墠涓婁笅鏂囦腑涓嶅瓨鍦ㄥ悕绉扳€淪tackExchange鈥?[C:\Users\huaji\Workplace\github\Catga\src\Catga\Catga.csproj::TargetFramework=net9.0]
C:\Users\huaji\Workplace\github\Catga\src\Catga\Flow\Extensions\ServiceCollectionExtensions.cs(97,47): error CS0246: 鏈兘鎵惧埌绫诲瀷鎴栧懡鍚嶇┖闂村悕鈥淪tackExchange鈥?鏄惁缂哄皯 using 鎸囦护鎴栫▼搴忛泦寮曠敤?) [C:\Users\huaji\Workplace\github\Catga\src\Catga\Catga.csproj::TargetFramework=net9.0]
C:\Users\huaji\Workplace\github\Catga\src\Catga\Flow\Extensions\ServiceCollectionExtensions.cs(99,30): error CS0234: 鍛藉悕绌洪棿鈥淐atga鈥濅腑涓嶅瓨鍦ㄧ被鍨嬫垨鍛藉悕绌洪棿鍚嶁€淧ersistence鈥?鏄惁缂哄皯绋嬪簭闆嗗紩鐢?) [C:\Users\huaji\Workplace\github\Catga\src\Catga\Catga.csproj::TargetFramework=net9.0]
C:\Users\huaji\Workplace\github\Catga\src\Catga\Flow\Extensions\ServiceCollectionExtensions.cs(126,31): error CS0246: 鏈兘鎵惧埌绫诲瀷鎴栧懡鍚嶇┖闂村悕鈥淣ATS鈥?鏄惁缂哄皯 using 鎸囦护鎴栫▼搴忛泦寮曠敤?) [C:\Users\huaji\Workplace\github\Catga\src\Catga\Catga.csproj::TargetFramework=net9.0]
C:\Users\huaji\Workplace\github\Catga\src\Catga\Flow\Extensions\ServiceCollectionExtensions.cs(128,32): error CS0246: 鏈兘鎵惧埌绫诲瀷鎴栧懡鍚嶇┖闂村悕鈥淣ATS鈥?鏄惁缂哄皯 using 鎸囦护鎴栫▼搴忛泦寮曠敤?) [C:\Users\huaji\Workplace\github\Catga\src\Catga\Catga.csproj::TargetFramework=net9.0]
C:\Users\huaji\Workplace\github\Catga\src\Catga\Flow\Extensions\ServiceCollectionExtensions.cs(129,24): error CS0246: 鏈兘鎵惧埌绫诲瀷鎴栧懡鍚嶇┖闂村悕鈥淣ATS鈥?鏄惁缂哄皯 using 鎸囦护鎴栫▼搴忛泦寮曠敤?) [C:\Users\huaji\Workplace\github\Catga\src\Catga\Catga.csproj::TargetFramework=net9.0]
C:\Users\huaji\Workplace\github\Catga\src\Catga\Flow\Extensions\ServiceCollectionExtensions.cs(135,46): error CS0246: 鏈兘鎵惧埌绫诲瀷鎴栧懡鍚嶇┖闂村悕鈥淣ATS鈥?鏄惁缂哄皯 using 鎸囦护鎴栫▼搴忛泦寮曠敤?) [C:\Users\huaji\Workplace\github\Catga\src\Catga\Catga.csproj::TargetFramework=net9.0]
C:\Users\huaji\Workplace\github\Catga\src\Catga\Flow\Extensions\ServiceCollectionExtensions.cs(137,30): error CS0234: 鍛藉悕绌洪棿鈥淐atga鈥濅腑涓嶅瓨鍦ㄧ被鍨嬫垨鍛藉悕绌洪棿鍚嶁€淧ersistence鈥?鏄惁缂哄皯绋嬪簭闆嗗紩鐢?) [C:\Users\huaji\Workplace\github\Catga\src\Catga\Catga.csproj::TargetFramework=net9.0]
C:\Users\huaji\Workplace\github\Catga\src\Catga\Flow\Extensions\ServiceCollectionExtensions.cs(166,47): error CS0310: 鈥淭State鈥濆繀椤绘槸鍏锋湁鍏叡鐨勬棤鍙傛暟鏋勯€犲嚱鏁扮殑闈炴娊璞＄被鍨嬶紝鎵嶈兘鐢ㄤ綔娉涘瀷绫诲瀷鎴栨柟娉曗€淒slFlowExecutor<TState, TConfig>鈥濅腑鐨勫弬鏁扳€淭State鈥?[C:\Users\huaji\Workplace\github\Catga\src\Catga\Catga.csproj::TargetFramework=net9.0]
C:\Users\huaji\Workplace\github\Catga\src\Catga\Flow\FlowConfig.cs(606,26): warning CS0168: 澹版槑浜嗗彉閲忊€渆x鈥濓紝浣嗕粠鏈娇鐢ㄨ繃 [C:\Users\huaji\Workplace\github\Catga\src\Catga\Catga.csproj::TargetFramework=net9.0]
C:\Users\huaji\Workplace\github\Catga\src\Catga\Flow\DslFlowExecutor.cs(1099,42): warning CS0168: 澹版槑浜嗗彉閲忊€渆x鈥濓紝浣嗕粠鏈娇鐢ㄨ繃 [C:\Users\huaji\Workplace\github\Catga\src\Catga\Catga.csproj::TargetFramework=net9.0]
C:\Users\huaji\Workplace\github\Catga\src\Catga\DependencyInjection\CatgaServiceCollectionExtensions.cs(140,9): warning IL2091: 'TAggregate' generic argument does not satisfy 'DynamicallyAccessedMemberTypes.All' in 'Catga.EventSourcing.TimeTravelService<TAggregate>'. The generic parameter 'TAggregate' of 'Microsoft.Extensions.DependencyInjection.CatgaServiceCollectionExtensions.AddTimeTravelService<TAggregate>(IServiceCollection)' does not have matching annotations. The source value must declare at least the same requirements as those declared on the target location it is assigned to. [C:\Users\huaji\Workplace\github\Catga\src\Catga\Catga.csproj::TargetFramework=net9.0]
C:\Users\huaji\Workplace\github\Catga\src\Catga\Pipeline\Behaviors\AttributeDrivenBehavior.cs(188,31): warning IL2026: Using member 'System.Reflection.Assembly.GetTypes()' which has 'RequiresUnreferencedCodeAttribute' can break functionality when trimming application code. Types might be removed. [C:\Users\huaji\Workplace\github\Catga\src\Catga\Catga.csproj::TargetFramework=net9.0]
C:\Users\huaji\Workplace\github\Catga\src\Catga\Flow\Extensions\ServiceCollectionExtensions.cs(394,9): warning IL2091: 'TState' generic argument does not satisfy 'DynamicallyAccessedMemberTypes.All' in 'Catga.Flow.Extensions.ServiceCollectionExtensions.AddFlow<TState, TFlow>(IServiceCollection, ServiceLifetime)'. The generic parameter 'TState' of 'Catga.Flow.Extensions.FlowDslBuilder.RegisterFlow<TState, TFlow>()' does not have matching annotations. The source value must declare at least the same requirements as those declared on the target location it is assigned to. [C:\Users\huaji\Workplace\github\Catga\src\Catga\Catga.csproj::TargetFramework=net9.0]
C:\Users\huaji\Workplace\github\Catga\src\Catga\Flow\Extensions\ServiceCollectionExtensions.cs(162,22): warning IL2087: 'implementationType' argument does not satisfy 'DynamicallyAccessedMemberTypes.PublicConstructors' in call to 'Microsoft.Extensions.DependencyInjection.ServiceDescriptor.ServiceDescriptor(Type, Type, ServiceLifetime)'. The generic parameter 'TFlow' of 'Catga.Flow.Extensions.ServiceCollectionExtensions.AddFlow<TState, TFlow>(IServiceCollection, ServiceLifetime)' does not have matching annotations. The source value must declare at least the same requirements as those declared on the target location it is assigned to. [C:\Users\huaji\Workplace\github\Catga\src\Catga\Catga.csproj::TargetFramework=net9.0]
C:\Users\huaji\Workplace\github\Catga\src\Catga\Flow\Extensions\ServiceCollectionExtensions.cs(163,22): warning IL2087: 'implementationType' argument does not satisfy 'DynamicallyAccessedMemberTypes.PublicConstructors' in call to 'Microsoft.Extensions.DependencyInjection.ServiceDescriptor.ServiceDescriptor(Type, Type, ServiceLifetime)'. The generic parameter 'TFlow' of 'Catga.Flow.Extensions.ServiceCollectionExtensions.AddFlow<TState, TFlow>(IServiceCollection, ServiceLifetime)' does not have matching annotations. The source value must declare at least the same requirements as those declared on the target location it is assigned to. [C:\Users\huaji\Workplace\github\Catga\src\Catga\Catga.csproj::TargetFramework=net9.0]
C:\Users\huaji\Workplace\github\Catga\src\Catga\Flow\FlowConfig.cs(579,33): warning IL2075: 'this' argument does not satisfy 'DynamicallyAccessedMemberTypes.PublicMethods' in call to 'System.Type.GetMethod(String)'. The return value of method 'System.Linq.Expressions.Expression.Type.get' does not have matching annotations. The source value must declare at least the same requirements as those declared on the target location it is assigned to. [C:\Users\huaji\Workplace\github\Catga\src\Catga\Catga.csproj::TargetFramework=net9.0]
C:\Users\huaji\Workplace\github\Catga\src\Catga\Flow\DslFlowExecutor.cs(386,30): warning IL2075: 'this' argument does not satisfy 'DynamicallyAccessedMemberTypes.Interfaces' in call to 'System.Type.GetInterfaces()'. The return value of method 'System.Object.GetType()' does not have matching annotations. The source value must declare at least the same requirements as those declared on the target location it is assigned to. [C:\Users\huaji\Workplace\github\Catga\src\Catga\Catga.csproj::TargetFramework=net9.0]
C:\Users\huaji\Workplace\github\Catga\src\Catga\Flow\DslFlowExecutor.cs(399,41): warning IL2060: Call to 'System.Reflection.MethodInfo.MakeGenericMethod(params Type[])' can not be statically analyzed. It's not possible to guarantee the availability of requirements of the generic method. [C:\Users\huaji\Workplace\github\Catga\src\Catga\Catga.csproj::TargetFramework=net9.0]
C:\Users\huaji\Workplace\github\Catga\src\Catga\Flow\DslFlowExecutor.cs(399,41): warning IL3050: Using member 'System.Reflection.MethodInfo.MakeGenericMethod(params Type[])' which has 'RequiresDynamicCodeAttribute' can break functionality when AOT compiling. The native code for this instantiation might not be available at runtime. [C:\Users\huaji\Workplace\github\Catga\src\Catga\Catga.csproj::TargetFramework=net9.0]
C:\Users\huaji\Workplace\github\Catga\src\Catga\Flow\DslFlowExecutor.cs(405,31): warning IL2026: Using member 'Microsoft.CSharp.RuntimeBinder.Binder.InvokeMember(CSharpBinderFlags, String, IEnumerable<Type>, Type, IEnumerable<CSharpArgumentInfo>)' which has 'RequiresUnreferencedCodeAttribute' can break functionality when trimming application code. Using dynamic types might cause types or members to be removed by trimmer. [C:\Users\huaji\Workplace\github\Catga\src\Catga\Catga.csproj::TargetFramework=net9.0]
C:\Users\huaji\Workplace\github\Catga\src\Catga\Flow\DslFlowExecutor.cs(406,43): warning IL2026: Using member 'Microsoft.CSharp.RuntimeBinder.Binder.GetMember(CSharpBinderFlags, String, Type, IEnumerable<CSharpArgumentInfo>)' which has 'RequiresUnreferencedCodeAttribute' can break functionality when trimming application code. Using dynamic types might cause types or members to be removed by trimmer. [C:\Users\huaji\Workplace\github\Catga\src\Catga\Catga.csproj::TargetFramework=net9.0]
C:\Users\huaji\Workplace\github\Catga\src\Catga\Flow\DslFlowExecutor.cs(408,42): warning IL2026: Using member 'Microsoft.CSharp.RuntimeBinder.Binder.GetMember(CSharpBinderFlags, String, Type, IEnumerable<CSharpArgumentInfo>)' which has 'RequiresUnreferencedCodeAttribute' can break functionality when trimming application code. Using dynamic types might cause types or members to be removed by trimmer. [C:\Users\huaji\Workplace\github\Catga\src\Catga\Catga.csproj::TargetFramework=net9.0]
C:\Users\huaji\Workplace\github\Catga\src\Catga\Flow\DslFlowExecutor.cs(409,41): warning IL2026: Using member 'Microsoft.CSharp.RuntimeBinder.Binder.GetMember(CSharpBinderFlags, String, Type, IEnumerable<CSharpArgumentInfo>)' which has 'RequiresUnreferencedCodeAttribute' can break functionality when trimming application code. Using dynamic types might cause types or members to be removed by trimmer. [C:\Users\huaji\Workplace\github\Catga\src\Catga\Catga.csproj::TargetFramework=net9.0]
C:\Users\huaji\Workplace\github\Catga\src\Catga\Flow\DslFlowExecutor.cs(410,39): warning IL2026: Using member 'Microsoft.CSharp.RuntimeBinder.Binder.GetMember(CSharpBinderFlags, String, Type, IEnumerable<CSharpArgumentInfo>)' which has 'RequiresUnreferencedCodeAttribute' can break functionality when trimming application code. Using dynamic types might cause types or members to be removed by trimmer. [C:\Users\huaji\Workplace\github\Catga\src\Catga\Catga.csproj::TargetFramework=net9.0]

鐢熸垚澶辫触銆?

C:\Users\huaji\Workplace\github\Catga\src\Catga\Flow\FlowConfig.cs(606,26): warning CS0168: 澹版槑浜嗗彉閲忊€渆x鈥濓紝浣嗕粠鏈娇鐢ㄨ繃 [C:\Users\huaji\Workplace\github\Catga\src\Catga\Catga.csproj::TargetFramework=net9.0]
C:\Users\huaji\Workplace\github\Catga\src\Catga\Flow\DslFlowExecutor.cs(1099,42): warning CS0168: 澹版槑浜嗗彉閲忊€渆x鈥濓紝浣嗕粠鏈娇鐢ㄨ繃 [C:\Users\huaji\Workplace\github\Catga\src\Catga\Catga.csproj::TargetFramework=net9.0]
C:\Users\huaji\Workplace\github\Catga\src\Catga\DependencyInjection\CatgaServiceCollectionExtensions.cs(140,9): warning IL2091: 'TAggregate' generic argument does not satisfy 'DynamicallyAccessedMemberTypes.All' in 'Catga.EventSourcing.TimeTravelService<TAggregate>'. The generic parameter 'TAggregate' of 'Microsoft.Extensions.DependencyInjection.CatgaServiceCollectionExtensions.AddTimeTravelService<TAggregate>(IServiceCollection)' does not have matching annotations. The source value must declare at least the same requirements as those declared on the target location it is assigned to. [C:\Users\huaji\Workplace\github\Catga\src\Catga\Catga.csproj::TargetFramework=net9.0]
C:\Users\huaji\Workplace\github\Catga\src\Catga\Pipeline\Behaviors\AttributeDrivenBehavior.cs(188,31): warning IL2026: Using member 'System.Reflection.Assembly.GetTypes()' which has 'RequiresUnreferencedCodeAttribute' can break functionality when trimming application code. Types might be removed. [C:\Users\huaji\Workplace\github\Catga\src\Catga\Catga.csproj::TargetFramework=net9.0]
C:\Users\huaji\Workplace\github\Catga\src\Catga\Flow\Extensions\ServiceCollectionExtensions.cs(394,9): warning IL2091: 'TState' generic argument does not satisfy 'DynamicallyAccessedMemberTypes.All' in 'Catga.Flow.Extensions.ServiceCollectionExtensions.AddFlow<TState, TFlow>(IServiceCollection, ServiceLifetime)'. The generic parameter 'TState' of 'Catga.Flow.Extensions.FlowDslBuilder.RegisterFlow<TState, TFlow>()' does not have matching annotations. The source value must declare at least the same requirements as those declared on the target location it is assigned to. [C:\Users\huaji\Workplace\github\Catga\src\Catga\Catga.csproj::TargetFramework=net9.0]
C:\Users\huaji\Workplace\github\Catga\src\Catga\Flow\Extensions\ServiceCollectionExtensions.cs(162,22): warning IL2087: 'implementationType' argument does not satisfy 'DynamicallyAccessedMemberTypes.PublicConstructors' in call to 'Microsoft.Extensions.DependencyInjection.ServiceDescriptor.ServiceDescriptor(Type, Type, ServiceLifetime)'. The generic parameter 'TFlow' of 'Catga.Flow.Extensions.ServiceCollectionExtensions.AddFlow<TState, TFlow>(IServiceCollection, ServiceLifetime)' does not have matching annotations. The source value must declare at least the same requirements as those declared on the target location it is assigned to. [C:\Users\huaji\Workplace\github\Catga\src\Catga\Catga.csproj::TargetFramework=net9.0]
C:\Users\huaji\Workplace\github\Catga\src\Catga\Flow\Extensions\ServiceCollectionExtensions.cs(163,22): warning IL2087: 'implementationType' argument does not satisfy 'DynamicallyAccessedMemberTypes.PublicConstructors' in call to 'Microsoft.Extensions.DependencyInjection.ServiceDescriptor.ServiceDescriptor(Type, Type, ServiceLifetime)'. The generic parameter 'TFlow' of 'Catga.Flow.Extensions.ServiceCollectionExtensions.AddFlow<TState, TFlow>(IServiceCollection, ServiceLifetime)' does not have matching annotations. The source value must declare at least the same requirements as those declared on the target location it is assigned to. [C:\Users\huaji\Workplace\github\Catga\src\Catga\Catga.csproj::TargetFramework=net9.0]
C:\Users\huaji\Workplace\github\Catga\src\Catga\Flow\FlowConfig.cs(579,33): warning IL2075: 'this' argument does not satisfy 'DynamicallyAccessedMemberTypes.PublicMethods' in call to 'System.Type.GetMethod(String)'. The return value of method 'System.Linq.Expressions.Expression.Type.get' does not have matching annotations. The source value must declare at least the same requirements as those declared on the target location it is assigned to. [C:\Users\huaji\Workplace\github\Catga\src\Catga\Catga.csproj::TargetFramework=net9.0]
C:\Users\huaji\Workplace\github\Catga\src\Catga\Flow\DslFlowExecutor.cs(386,30): warning IL2075: 'this' argument does not satisfy 'DynamicallyAccessedMemberTypes.Interfaces' in call to 'System.Type.GetInterfaces()'. The return value of method 'System.Object.GetType()' does not have matching annotations. The source value must declare at least the same requirements as those declared on the target location it is assigned to. [C:\Users\huaji\Workplace\github\Catga\src\Catga\Catga.csproj::TargetFramework=net9.0]
C:\Users\huaji\Workplace\github\Catga\src\Catga\Flow\DslFlowExecutor.cs(399,41): warning IL2060: Call to 'System.Reflection.MethodInfo.MakeGenericMethod(params Type[])' can not be statically analyzed. It's not possible to guarantee the availability of requirements of the generic method. [C:\Users\huaji\Workplace\github\Catga\src\Catga\Catga.csproj::TargetFramework=net9.0]
C:\Users\huaji\Workplace\github\Catga\src\Catga\Flow\DslFlowExecutor.cs(399,41): warning IL3050: Using member 'System.Reflection.MethodInfo.MakeGenericMethod(params Type[])' which has 'RequiresDynamicCodeAttribute' can break functionality when AOT compiling. The native code for this instantiation might not be available at runtime. [C:\Users\huaji\Workplace\github\Catga\src\Catga\Catga.csproj::TargetFramework=net9.0]
C:\Users\huaji\Workplace\github\Catga\src\Catga\Flow\DslFlowExecutor.cs(405,31): warning IL2026: Using member 'Microsoft.CSharp.RuntimeBinder.Binder.InvokeMember(CSharpBinderFlags, String, IEnumerable<Type>, Type, IEnumerable<CSharpArgumentInfo>)' which has 'RequiresUnreferencedCodeAttribute' can break functionality when trimming application code. Using dynamic types might cause types or members to be removed by trimmer. [C:\Users\huaji\Workplace\github\Catga\src\Catga\Catga.csproj::TargetFramework=net9.0]
C:\Users\huaji\Workplace\github\Catga\src\Catga\Flow\DslFlowExecutor.cs(406,43): warning IL2026: Using member 'Microsoft.CSharp.RuntimeBinder.Binder.GetMember(CSharpBinderFlags, String, Type, IEnumerable<CSharpArgumentInfo>)' which has 'RequiresUnreferencedCodeAttribute' can break functionality when trimming application code. Using dynamic types might cause types or members to be removed by trimmer. [C:\Users\huaji\Workplace\github\Catga\src\Catga\Catga.csproj::TargetFramework=net9.0]
C:\Users\huaji\Workplace\github\Catga\src\Catga\Flow\DslFlowExecutor.cs(408,42): warning IL2026: Using member 'Microsoft.CSharp.RuntimeBinder.Binder.GetMember(CSharpBinderFlags, String, Type, IEnumerable<CSharpArgumentInfo>)' which has 'RequiresUnreferencedCodeAttribute' can break functionality when trimming application code. Using dynamic types might cause types or members to be removed by trimmer. [C:\Users\huaji\Workplace\github\Catga\src\Catga\Catga.csproj::TargetFramework=net9.0]
C:\Users\huaji\Workplace\github\Catga\src\Catga\Flow\DslFlowExecutor.cs(409,41): warning IL2026: Using member 'Microsoft.CSharp.RuntimeBinder.Binder.GetMember(CSharpBinderFlags, String, Type, IEnumerable<CSharpArgumentInfo>)' which has 'RequiresUnreferencedCodeAttribute' can break functionality when trimming application code. Using dynamic types might cause types or members to be removed by trimmer. [C:\Users\huaji\Workplace\github\Catga\src\Catga\Catga.csproj::TargetFramework=net9.0]
C:\Users\huaji\Workplace\github\Catga\src\Catga\Flow\DslFlowExecutor.cs(410,39): warning IL2026: Using member 'Microsoft.CSharp.RuntimeBinder.Binder.GetMember(CSharpBinderFlags, String, Type, IEnumerable<CSharpArgumentInfo>)' which has 'RequiresUnreferencedCodeAttribute' can break functionality when trimming application code. Using dynamic types might cause types or members to be removed by trimmer. [C:\Users\huaji\Workplace\github\Catga\src\Catga\Catga.csproj::TargetFramework=net9.0]
C:\Users\huaji\Workplace\github\Catga\src\Catga\Flow\Extensions\ServiceCollectionExtensions.cs(37,29): error CS1061: 鈥淔lowDslOptions鈥濇湭鍖呭惈鈥淪torageType鈥濈殑瀹氫箟锛屽苟涓旀壘涓嶅埌鍙帴鍙楃涓€涓€淔lowDslOptions鈥濈被鍨嬪弬鏁扮殑鍙闂墿灞曟柟娉曗€淪torageType鈥?鏄惁缂哄皯 using 鎸囦护鎴栫▼搴忛泦寮曠敤?) [C:\Users\huaji\Workplace\github\Catga\src\Catga\Catga.csproj::TargetFramework=net9.0]
C:\Users\huaji\Workplace\github\Catga\src\Catga\Flow\Extensions\ServiceCollectionExtensions.cs(39,22): error CS0029: 鏃犳硶灏嗙被鍨嬧€渟tring鈥濋殣寮忚浆鎹负鈥渋nt鈥?[C:\Users\huaji\Workplace\github\Catga\src\Catga\Catga.csproj::TargetFramework=net9.0]
C:\Users\huaji\Workplace\github\Catga\src\Catga\Flow\Extensions\ServiceCollectionExtensions.cs(40,43): error CS0246: 鏈兘鎵惧埌绫诲瀷鎴栧懡鍚嶇┖闂村悕鈥淪tackExchange鈥?鏄惁缂哄皯 using 鎸囦护鎴栫▼搴忛泦寮曠敤?) [C:\Users\huaji\Workplace\github\Catga\src\Catga\Catga.csproj::TargetFramework=net9.0]
C:\Users\huaji\Workplace\github\Catga\src\Catga\Flow\Extensions\ServiceCollectionExtensions.cs(41,25): error CS0103: 褰撳墠涓婁笅鏂囦腑涓嶅瓨鍦ㄥ悕绉扳€淪tackExchange鈥?[C:\Users\huaji\Workplace\github\Catga\src\Catga\Catga.csproj::TargetFramework=net9.0]
C:\Users\huaji\Workplace\github\Catga\src\Catga\Flow\Extensions\ServiceCollectionExtensions.cs(41,83): error CS1061: 鈥淔lowDslOptions鈥濇湭鍖呭惈鈥淩edisConnectionString鈥濈殑瀹氫箟锛屽苟涓旀壘涓嶅埌鍙帴鍙楃涓€涓€淔lowDslOptions鈥濈被鍨嬪弬鏁扮殑鍙闂墿灞曟柟娉曗€淩edisConnectionString鈥?鏄惁缂哄皯 using 鎸囦护鎴栫▼搴忛泦寮曠敤?) [C:\Users\huaji\Workplace\github\Catga\src\Catga\Catga.csproj::TargetFramework=net9.0]
C:\Users\huaji\Workplace\github\Catga\src\Catga\Flow\Extensions\ServiceCollectionExtensions.cs(44,59): error CS0246: 鏈兘鎵惧埌绫诲瀷鎴栧懡鍚嶇┖闂村悕鈥淪tackExchange鈥?鏄惁缂哄皯 using 鎸囦护鎴栫▼搴忛泦寮曠敤?) [C:\Users\huaji\Workplace\github\Catga\src\Catga\Catga.csproj::TargetFramework=net9.0]
C:\Users\huaji\Workplace\github\Catga\src\Catga\Flow\Extensions\ServiceCollectionExtensions.cs(46,42): error CS0234: 鍛藉悕绌洪棿鈥淐atga鈥濅腑涓嶅瓨鍦ㄧ被鍨嬫垨鍛藉悕绌洪棿鍚嶁€淧ersistence鈥?鏄惁缂哄皯绋嬪簭闆嗗紩鐢?) [C:\Users\huaji\Workplace\github\Catga\src\Catga\Catga.csproj::TargetFramework=net9.0]
C:\Users\huaji\Workplace\github\Catga\src\Catga\Flow\Extensions\ServiceCollectionExtensions.cs(49,22): error CS0029: 鏃犳硶灏嗙被鍨嬧€渟tring鈥濋殣寮忚浆鎹负鈥渋nt鈥?[C:\Users\huaji\Workplace\github\Catga\src\Catga\Catga.csproj::TargetFramework=net9.0]
C:\Users\huaji\Workplace\github\Catga\src\Catga\Flow\Extensions\ServiceCollectionExtensions.cs(50,43): error CS0246: 鏈兘鎵惧埌绫诲瀷鎴栧懡鍚嶇┖闂村悕鈥淣ATS鈥?鏄惁缂哄皯 using 鎸囦护鎴栫▼搴忛泦寮曠敤?) [C:\Users\huaji\Workplace\github\Catga\src\Catga\Catga.csproj::TargetFramework=net9.0]
C:\Users\huaji\Workplace\github\Catga\src\Catga\Flow\Extensions\ServiceCollectionExtensions.cs(52,44): error CS0246: 鏈兘鎵惧埌绫诲瀷鎴栧懡鍚嶇┖闂村悕鈥淣ATS鈥?鏄惁缂哄皯 using 鎸囦护鎴栫▼搴忛泦寮曠敤?) [C:\Users\huaji\Workplace\github\Catga\src\Catga\Catga.csproj::TargetFramework=net9.0]
C:\Users\huaji\Workplace\github\Catga\src\Catga\Flow\Extensions\ServiceCollectionExtensions.cs(52,86): error CS1061: 鈥淔lowDslOptions鈥濇湭鍖呭惈鈥淣atsUrl鈥濈殑瀹氫箟锛屽苟涓旀壘涓嶅埌鍙帴鍙楃涓€涓€淔lowDslOptions鈥濈被鍨嬪弬鏁扮殑鍙闂墿灞曟柟娉曗€淣atsUrl鈥?鏄惁缂哄皯 using 鎸囦护鎴栫▼搴忛泦寮曠敤?) [C:\Users\huaji\Workplace\github\Catga\src\Catga\Catga.csproj::TargetFramework=net9.0]
C:\Users\huaji\Workplace\github\Catga\src\Catga\Flow\Extensions\ServiceCollectionExtensions.cs(53,36): error CS0246: 鏈兘鎵惧埌绫诲瀷鎴栧懡鍚嶇┖闂村悕鈥淣ATS鈥?鏄惁缂哄皯 using 鎸囦护鎴栫▼搴忛泦寮曠敤?) [C:\Users\huaji\Workplace\github\Catga\src\Catga\Catga.csproj::TargetFramework=net9.0]
C:\Users\huaji\Workplace\github\Catga\src\Catga\Flow\Extensions\ServiceCollectionExtensions.cs(57,58): error CS0246: 鏈兘鎵惧埌绫诲瀷鎴栧懡鍚嶇┖闂村悕鈥淣ATS鈥?鏄惁缂哄皯 using 鎸囦护鎴栫▼搴忛泦寮曠敤?) [C:\Users\huaji\Workplace\github\Catga\src\Catga\Catga.csproj::TargetFramework=net9.0]
C:\Users\huaji\Workplace\github\Catga\src\Catga\Flow\Extensions\ServiceCollectionExtensions.cs(59,42): error CS0234: 鍛藉悕绌洪棿鈥淐atga鈥濅腑涓嶅瓨鍦ㄧ被鍨嬫垨鍛藉悕绌洪棿鍚嶁€淧ersistence鈥?鏄惁缂哄皯绋嬪簭闆嗗紩鐢?) [C:\Users\huaji\Workplace\github\Catga\src\Catga\Catga.csproj::TargetFramework=net9.0]
C:\Users\huaji\Workplace\github\Catga\src\Catga\Flow\Extensions\ServiceCollectionExtensions.cs(91,31): error CS0246: 鏈兘鎵惧埌绫诲瀷鎴栧懡鍚嶇┖闂村悕鈥淪tackExchange鈥?鏄惁缂哄皯 using 鎸囦护鎴栫▼搴忛泦寮曠敤?) [C:\Users\huaji\Workplace\github\Catga\src\Catga\Catga.csproj::TargetFramework=net9.0]
C:\Users\huaji\Workplace\github\Catga\src\Catga\Flow\Extensions\ServiceCollectionExtensions.cs(92,13): error CS0103: 褰撳墠涓婁笅鏂囦腑涓嶅瓨鍦ㄥ悕绉扳€淪tackExchange鈥?[C:\Users\huaji\Workplace\github\Catga\src\Catga\Catga.csproj::TargetFramework=net9.0]
C:\Users\huaji\Workplace\github\Catga\src\Catga\Flow\Extensions\ServiceCollectionExtensions.cs(97,47): error CS0246: 鏈兘鎵惧埌绫诲瀷鎴栧懡鍚嶇┖闂村悕鈥淪tackExchange鈥?鏄惁缂哄皯 using 鎸囦护鎴栫▼搴忛泦寮曠敤?) [C:\Users\huaji\Workplace\github\Catga\src\Catga\Catga.csproj::TargetFramework=net9.0]
C:\Users\huaji\Workplace\github\Catga\src\Catga\Flow\Extensions\ServiceCollectionExtensions.cs(99,30): error CS0234: 鍛藉悕绌洪棿鈥淐atga鈥濅腑涓嶅瓨鍦ㄧ被鍨嬫垨鍛藉悕绌洪棿鍚嶁€淧ersistence鈥?鏄惁缂哄皯绋嬪簭闆嗗紩鐢?) [C:\Users\huaji\Workplace\github\Catga\src\Catga\Catga.csproj::TargetFramework=net9.0]
C:\Users\huaji\Workplace\github\Catga\src\Catga\Flow\Extensions\ServiceCollectionExtensions.cs(126,31): error CS0246: 鏈兘鎵惧埌绫诲瀷鎴栧懡鍚嶇┖闂村悕鈥淣ATS鈥?鏄惁缂哄皯 using 鎸囦护鎴栫▼搴忛泦寮曠敤?) [C:\Users\huaji\Workplace\github\Catga\src\Catga\Catga.csproj::TargetFramework=net9.0]
C:\Users\huaji\Workplace\github\Catga\src\Catga\Flow\Extensions\ServiceCollectionExtensions.cs(128,32): error CS0246: 鏈兘鎵惧埌绫诲瀷鎴栧懡鍚嶇┖闂村悕鈥淣ATS鈥?鏄惁缂哄皯 using 鎸囦护鎴栫▼搴忛泦寮曠敤?) [C:\Users\huaji\Workplace\github\Catga\src\Catga\Catga.csproj::TargetFramework=net9.0]
C:\Users\huaji\Workplace\github\Catga\src\Catga\Flow\Extensions\ServiceCollectionExtensions.cs(129,24): error CS0246: 鏈兘鎵惧埌绫诲瀷鎴栧懡鍚嶇┖闂村悕鈥淣ATS鈥?鏄惁缂哄皯 using 鎸囦护鎴栫▼搴忛泦寮曠敤?) [C:\Users\huaji\Workplace\github\Catga\src\Catga\Catga.csproj::TargetFramework=net9.0]
C:\Users\huaji\Workplace\github\Catga\src\Catga\Flow\Extensions\ServiceCollectionExtensions.cs(135,46): error CS0246: 鏈兘鎵惧埌绫诲瀷鎴栧懡鍚嶇┖闂村悕鈥淣ATS鈥?鏄惁缂哄皯 using 鎸囦护鎴栫▼搴忛泦寮曠敤?) [C:\Users\huaji\Workplace\github\Catga\src\Catga\Catga.csproj::TargetFramework=net9.0]
C:\Users\huaji\Workplace\github\Catga\src\Catga\Flow\Extensions\ServiceCollectionExtensions.cs(137,30): error CS0234: 鍛藉悕绌洪棿鈥淐atga鈥濅腑涓嶅瓨鍦ㄧ被鍨嬫垨鍛藉悕绌洪棿鍚嶁€淧ersistence鈥?鏄惁缂哄皯绋嬪簭闆嗗紩鐢?) [C:\Users\huaji\Workplace\github\Catga\src\Catga\Catga.csproj::TargetFramework=net9.0]
C:\Users\huaji\Workplace\github\Catga\src\Catga\Flow\Extensions\ServiceCollectionExtensions.cs(166,47): error CS0310: 鈥淭State鈥濆繀椤绘槸鍏锋湁鍏叡鐨勬棤鍙傛暟鏋勯€犲嚱鏁扮殑闈炴娊璞＄被鍨嬶紝鎵嶈兘鐢ㄤ綔娉涘瀷绫诲瀷鎴栨柟娉曗€淒slFlowExecutor<TState, TConfig>鈥濅腑鐨勫弬鏁扳€淭State鈥?[C:\Users\huaji\Workplace\github\Catga\src\Catga\Catga.csproj::TargetFramework=net9.0]
    16 涓鍛?
    24 涓敊璇?

宸茬敤鏃堕棿 00:00:03.05

鏈夊彲鐢ㄧ殑宸ヤ綔璐熻浇鏇存柊銆傛湁鍏宠缁嗕俊鎭紝璇疯繍琛?`dotnet workload list`銆?
