  正在确定要还原的项目…
  所有项目均是最新的，无法还原。
  Catga -> C:\Users\huaji\Workplace\github\Catga\src\Catga\bin\Debug\net9.0\Catga.dll
  Catga.Transport.InMemory -> C:\Users\huaji\Workplace\github\Catga\src\Catga.Transport.InMemory\bin\Debug\net9.0\Catga.Transport.InMemory.dll
  Catga.Serialization.MemoryPack -> C:\Users\huaji\Workplace\github\Catga\src\Catga.Serialization.MemoryPack\bin\Debug\net9.0\Catga.Serialization.MemoryPack.dll
C:\Users\huaji\Workplace\github\Catga\src\Catga.Persistence.Nats\Stores\NatsJSOutboxStore.cs(93,9): warning CA2264: 调用 "ArgumentNullException.ThrowIfNull" 并传递不可为 null 的值是无操作 (https://learn.microsoft.com/dotnet/fundamentals/code-analysis/quality-rules/ca2264) [C:\Users\huaji\Workplace\github\Catga\src\Catga.Persistence.Nats\Catga.Persistence.Nats.csproj]
C:\Users\huaji\Workplace\github\Catga\src\Catga.Persistence.Nats\Stores\NatsJSOutboxStore.cs(157,9): warning CA2264: 调用 "ArgumentNullException.ThrowIfNull" 并传递不可为 null 的值是无操作 (https://learn.microsoft.com/dotnet/fundamentals/code-analysis/quality-rules/ca2264) [C:\Users\huaji\Workplace\github\Catga\src\Catga.Persistence.Nats\Catga.Persistence.Nats.csproj]
  Catga.Transport.Redis -> C:\Users\huaji\Workplace\github\Catga\src\Catga.Transport.Redis\bin\Debug\net9.0\Catga.Transport.Redis.dll
  Catga.Transport.Nats -> C:\Users\huaji\Workplace\github\Catga\src\Catga.Transport.Nats\bin\Debug\net9.0\Catga.Transport.Nats.dll
  Catga.Persistence.Nats -> C:\Users\huaji\Workplace\github\Catga\src\Catga.Persistence.Nats\bin\Debug\net9.0\Catga.Persistence.Nats.dll
  Catga.Persistence.Redis -> C:\Users\huaji\Workplace\github\Catga\src\Catga.Persistence.Redis\bin\Debug\net9.0\Catga.Persistence.Redis.dll
  Catga.Serialization.Json -> C:\Users\huaji\Workplace\github\Catga\src\Catga.Serialization.Json\bin\Debug\net9.0\Catga.Serialization.Json.dll
  Catga.Persistence.InMemory -> C:\Users\huaji\Workplace\github\Catga\src\Catga.Persistence.InMemory\bin\Debug\net9.0\Catga.Persistence.InMemory.dll
C:\Users\huaji\Workplace\github\Catga\tests\Catga.Tests\Transport\QosVerificationTests.cs(188,58): error CS1525: 表达式项“fixed”无效 [C:\Users\huaji\Workplace\github\Catga\tests\Catga.Tests\Catga.Tests.csproj]
C:\Users\huaji\Workplace\github\Catga\tests\Catga.Tests\Transport\QosVerificationTests.cs(188,58): error CS1513: 应输入 } [C:\Users\huaji\Workplace\github\Catga\tests\Catga.Tests\Catga.Tests.csproj]
C:\Users\huaji\Workplace\github\Catga\tests\Catga.Tests\Transport\QosVerificationTests.cs(188,58): error CS1002: 应输入 ; [C:\Users\huaji\Workplace\github\Catga\tests\Catga.Tests\Catga.Tests.csproj]
C:\Users\huaji\Workplace\github\Catga\tests\Catga.Tests\Transport\QosVerificationTests.cs(188,63): error CS1003: 语法错误，应输入“(” [C:\Users\huaji\Workplace\github\Catga\tests\Catga.Tests\Catga.Tests.csproj]
C:\Users\huaji\Workplace\github\Catga\tests\Catga.Tests\Transport\QosVerificationTests.cs(188,63): error CS1031: 应输入类型 [C:\Users\huaji\Workplace\github\Catga\tests\Catga.Tests\Catga.Tests.csproj]
C:\Users\huaji\Workplace\github\Catga\tests\Catga.Tests\Transport\QosVerificationTests.cs(188,63): error CS1001: 应输入标识符 [C:\Users\huaji\Workplace\github\Catga\tests\Catga.Tests\Catga.Tests.csproj]
C:\Users\huaji\Workplace\github\Catga\tests\Catga.Tests\Transport\QosVerificationTests.cs(188,63): error CS1026: 应输入 ) [C:\Users\huaji\Workplace\github\Catga\tests\Catga.Tests\Catga.Tests.csproj]
C:\Users\huaji\Workplace\github\Catga\tests\Catga.Tests\Transport\QosVerificationTests.cs(188,71): error CS1002: 应输入 ; [C:\Users\huaji\Workplace\github\Catga\tests\Catga.Tests\Catga.Tests.csproj]
C:\Users\huaji\Workplace\github\Catga\tests\Catga.Tests\Transport\QosVerificationTests.cs(188,72): error CS1597: 方法或访问器块后面的分号无效 [C:\Users\huaji\Workplace\github\Catga\tests\Catga.Tests\Catga.Tests.csproj]
C:\Users\huaji\Workplace\github\Catga\tests\Catga.Tests\Transport\QosVerificationTests.cs(191,9): error CS1519: Invalid token 'for' in a member declaration [C:\Users\huaji\Workplace\github\Catga\tests\Catga.Tests\Catga.Tests.csproj]
C:\Users\huaji\Workplace\github\Catga\tests\Catga.Tests\Transport\QosVerificationTests.cs(191,20): error CS8124: 元组必须包含至少两个元素。 [C:\Users\huaji\Workplace\github\Catga\tests\Catga.Tests\Catga.Tests.csproj]
C:\Users\huaji\Workplace\github\Catga\tests\Catga.Tests\Transport\QosVerificationTests.cs(191,20): error CS1026: 应输入 ) [C:\Users\huaji\Workplace\github\Catga\tests\Catga.Tests\Catga.Tests.csproj]
C:\Users\huaji\Workplace\github\Catga\tests\Catga.Tests\Transport\QosVerificationTests.cs(191,20): error CS1519: Invalid token '=' in a member declaration [C:\Users\huaji\Workplace\github\Catga\tests\Catga.Tests\Catga.Tests.csproj]
C:\Users\huaji\Workplace\github\Catga\tests\Catga.Tests\Transport\QosVerificationTests.cs(191,29): error CS1031: 应输入类型 [C:\Users\huaji\Workplace\github\Catga\tests\Catga.Tests\Catga.Tests.csproj]
C:\Users\huaji\Workplace\github\Catga\tests\Catga.Tests\Transport\QosVerificationTests.cs(191,29): error CS1003: 语法错误，应输入“,” [C:\Users\huaji\Workplace\github\Catga\tests\Catga.Tests\Catga.Tests.csproj]
C:\Users\huaji\Workplace\github\Catga\tests\Catga.Tests\Transport\QosVerificationTests.cs(191,30): error CS1003: 语法错误，应输入“>” [C:\Users\huaji\Workplace\github\Catga\tests\Catga.Tests\Catga.Tests.csproj]
C:\Users\huaji\Workplace\github\Catga\tests\Catga.Tests\Transport\QosVerificationTests.cs(191,30): error CS1519: Invalid token ';' in a member declaration [C:\Users\huaji\Workplace\github\Catga\tests\Catga.Tests\Catga.Tests.csproj]
C:\Users\huaji\Workplace\github\Catga\tests\Catga.Tests\Transport\QosVerificationTests.cs(191,33): error CS1519: Invalid token '++' in a member declaration [C:\Users\huaji\Workplace\github\Catga\tests\Catga.Tests\Catga.Tests.csproj]
C:\Users\huaji\Workplace\github\Catga\tests\Catga.Tests\Transport\QosVerificationTests.cs(193,48): error CS1001: 应输入标识符 [C:\Users\huaji\Workplace\github\Catga\tests\Catga.Tests\Catga.Tests.csproj]
C:\Users\huaji\Workplace\github\Catga\tests\Catga.Tests\Transport\QosVerificationTests.cs(193,57): error CS1001: 应输入标识符 [C:\Users\huaji\Workplace\github\Catga\tests\Catga.Tests\Catga.Tests.csproj]
C:\Users\huaji\Workplace\github\Catga\tests\Catga.Tests\Transport\QosVerificationTests.cs(198,40): error CS0116: 命名空间不能直接包含字段、方法或语句之类的成员 [C:\Users\huaji\Workplace\github\Catga\tests\Catga.Tests\Catga.Tests.csproj]
C:\Users\huaji\Workplace\github\Catga\tests\Catga.Tests\Transport\QosVerificationTests.cs(198,47): error CS8124: 元组必须包含至少两个元素。 [C:\Users\huaji\Workplace\github\Catga\tests\Catga.Tests\Catga.Tests.csproj]
C:\Users\huaji\Workplace\github\Catga\tests\Catga.Tests\Transport\QosVerificationTests.cs(198,48): error CS1022: 应输入类型、命名空间定义或文件尾 [C:\Users\huaji\Workplace\github\Catga\tests\Catga.Tests\Catga.Tests.csproj]
C:\Users\huaji\Workplace\github\Catga\tests\Catga.Tests\Transport\QosVerificationTests.cs(198,52): error CS1001: 应输入标识符 [C:\Users\huaji\Workplace\github\Catga\tests\Catga.Tests\Catga.Tests.csproj]
C:\Users\huaji\Workplace\github\Catga\tests\Catga.Tests\Transport\QosVerificationTests.cs(198,53): error CS1031: 应输入类型 [C:\Users\huaji\Workplace\github\Catga\tests\Catga.Tests\Catga.Tests.csproj]
C:\Users\huaji\Workplace\github\Catga\tests\Catga.Tests\Transport\QosVerificationTests.cs(198,53): error CS1001: 应输入标识符 [C:\Users\huaji\Workplace\github\Catga\tests\Catga.Tests\Catga.Tests.csproj]
C:\Users\huaji\Workplace\github\Catga\tests\Catga.Tests\Transport\QosVerificationTests.cs(198,54): error CS1031: 应输入类型 [C:\Users\huaji\Workplace\github\Catga\tests\Catga.Tests\Catga.Tests.csproj]
C:\Users\huaji\Workplace\github\Catga\tests\Catga.Tests\Transport\QosVerificationTests.cs(198,54): error CS1001: 应输入标识符 [C:\Users\huaji\Workplace\github\Catga\tests\Catga.Tests\Catga.Tests.csproj]
C:\Users\huaji\Workplace\github\Catga\tests\Catga.Tests\Transport\QosVerificationTests.cs(198,54): error CS1003: 语法错误，应输入“,” [C:\Users\huaji\Workplace\github\Catga\tests\Catga.Tests\Catga.Tests.csproj]
C:\Users\huaji\Workplace\github\Catga\tests\Catga.Tests\Transport\QosVerificationTests.cs(200,5): error CS1022: 应输入类型、命名空间定义或文件尾 [C:\Users\huaji\Workplace\github\Catga\tests\Catga.Tests\Catga.Tests.csproj]
C:\Users\huaji\Workplace\github\Catga\tests\Catga.Tests\Transport\QosVerificationTests.cs(202,5): error CS8803: 顶级语句必须位于命名空间和类型声明之前。 [C:\Users\huaji\Workplace\github\Catga\tests\Catga.Tests\Catga.Tests.csproj]
C:\Users\huaji\Workplace\github\Catga\tests\Catga.Tests\Transport\QosVerificationTests.cs(203,5): error CS0106: 修饰符“public”对该项无效 [C:\Users\huaji\Workplace\github\Catga\tests\Catga.Tests\Catga.Tests.csproj]
C:\Users\huaji\Workplace\github\Catga\tests\Catga.Tests\Transport\QosVerificationTests.cs(229,5): error CS0106: 修饰符“public”对该项无效 [C:\Users\huaji\Workplace\github\Catga\tests\Catga.Tests\Catga.Tests.csproj]
C:\Users\huaji\Workplace\github\Catga\tests\Catga.Tests\Transport\QosVerificationTests.cs(255,5): error CS0106: 修饰符“public”对该项无效 [C:\Users\huaji\Workplace\github\Catga\tests\Catga.Tests\Catga.Tests.csproj]
C:\Users\huaji\Workplace\github\Catga\tests\Catga.Tests\Transport\QosVerificationTests.cs(271,5): error CS0106: 修饰符“public”对该项无效 [C:\Users\huaji\Workplace\github\Catga\tests\Catga.Tests\Catga.Tests.csproj]
C:\Users\huaji\Workplace\github\Catga\tests\Catga.Tests\Transport\QosVerificationTests.cs(295,1): error CS1022: 应输入类型、命名空间定义或文件尾 [C:\Users\huaji\Workplace\github\Catga\tests\Catga.Tests\Catga.Tests.csproj]

生成失败。

C:\Users\huaji\Workplace\github\Catga\src\Catga.Persistence.Nats\Stores\NatsJSOutboxStore.cs(93,9): warning CA2264: 调用 "ArgumentNullException.ThrowIfNull" 并传递不可为 null 的值是无操作 (https://learn.microsoft.com/dotnet/fundamentals/code-analysis/quality-rules/ca2264) [C:\Users\huaji\Workplace\github\Catga\src\Catga.Persistence.Nats\Catga.Persistence.Nats.csproj]
C:\Users\huaji\Workplace\github\Catga\src\Catga.Persistence.Nats\Stores\NatsJSOutboxStore.cs(157,9): warning CA2264: 调用 "ArgumentNullException.ThrowIfNull" 并传递不可为 null 的值是无操作 (https://learn.microsoft.com/dotnet/fundamentals/code-analysis/quality-rules/ca2264) [C:\Users\huaji\Workplace\github\Catga\src\Catga.Persistence.Nats\Catga.Persistence.Nats.csproj]
C:\Users\huaji\Workplace\github\Catga\tests\Catga.Tests\Transport\QosVerificationTests.cs(188,58): error CS1525: 表达式项“fixed”无效 [C:\Users\huaji\Workplace\github\Catga\tests\Catga.Tests\Catga.Tests.csproj]
C:\Users\huaji\Workplace\github\Catga\tests\Catga.Tests\Transport\QosVerificationTests.cs(188,58): error CS1513: 应输入 } [C:\Users\huaji\Workplace\github\Catga\tests\Catga.Tests\Catga.Tests.csproj]
C:\Users\huaji\Workplace\github\Catga\tests\Catga.Tests\Transport\QosVerificationTests.cs(188,58): error CS1002: 应输入 ; [C:\Users\huaji\Workplace\github\Catga\tests\Catga.Tests\Catga.Tests.csproj]
C:\Users\huaji\Workplace\github\Catga\tests\Catga.Tests\Transport\QosVerificationTests.cs(188,63): error CS1003: 语法错误，应输入“(” [C:\Users\huaji\Workplace\github\Catga\tests\Catga.Tests\Catga.Tests.csproj]
C:\Users\huaji\Workplace\github\Catga\tests\Catga.Tests\Transport\QosVerificationTests.cs(188,63): error CS1031: 应输入类型 [C:\Users\huaji\Workplace\github\Catga\tests\Catga.Tests\Catga.Tests.csproj]
C:\Users\huaji\Workplace\github\Catga\tests\Catga.Tests\Transport\QosVerificationTests.cs(188,63): error CS1001: 应输入标识符 [C:\Users\huaji\Workplace\github\Catga\tests\Catga.Tests\Catga.Tests.csproj]
C:\Users\huaji\Workplace\github\Catga\tests\Catga.Tests\Transport\QosVerificationTests.cs(188,63): error CS1026: 应输入 ) [C:\Users\huaji\Workplace\github\Catga\tests\Catga.Tests\Catga.Tests.csproj]
C:\Users\huaji\Workplace\github\Catga\tests\Catga.Tests\Transport\QosVerificationTests.cs(188,71): error CS1002: 应输入 ; [C:\Users\huaji\Workplace\github\Catga\tests\Catga.Tests\Catga.Tests.csproj]
C:\Users\huaji\Workplace\github\Catga\tests\Catga.Tests\Transport\QosVerificationTests.cs(188,72): error CS1597: 方法或访问器块后面的分号无效 [C:\Users\huaji\Workplace\github\Catga\tests\Catga.Tests\Catga.Tests.csproj]
C:\Users\huaji\Workplace\github\Catga\tests\Catga.Tests\Transport\QosVerificationTests.cs(191,9): error CS1519: Invalid token 'for' in a member declaration [C:\Users\huaji\Workplace\github\Catga\tests\Catga.Tests\Catga.Tests.csproj]
C:\Users\huaji\Workplace\github\Catga\tests\Catga.Tests\Transport\QosVerificationTests.cs(191,20): error CS8124: 元组必须包含至少两个元素。 [C:\Users\huaji\Workplace\github\Catga\tests\Catga.Tests\Catga.Tests.csproj]
C:\Users\huaji\Workplace\github\Catga\tests\Catga.Tests\Transport\QosVerificationTests.cs(191,20): error CS1026: 应输入 ) [C:\Users\huaji\Workplace\github\Catga\tests\Catga.Tests\Catga.Tests.csproj]
C:\Users\huaji\Workplace\github\Catga\tests\Catga.Tests\Transport\QosVerificationTests.cs(191,20): error CS1519: Invalid token '=' in a member declaration [C:\Users\huaji\Workplace\github\Catga\tests\Catga.Tests\Catga.Tests.csproj]
C:\Users\huaji\Workplace\github\Catga\tests\Catga.Tests\Transport\QosVerificationTests.cs(191,29): error CS1031: 应输入类型 [C:\Users\huaji\Workplace\github\Catga\tests\Catga.Tests\Catga.Tests.csproj]
C:\Users\huaji\Workplace\github\Catga\tests\Catga.Tests\Transport\QosVerificationTests.cs(191,29): error CS1003: 语法错误，应输入“,” [C:\Users\huaji\Workplace\github\Catga\tests\Catga.Tests\Catga.Tests.csproj]
C:\Users\huaji\Workplace\github\Catga\tests\Catga.Tests\Transport\QosVerificationTests.cs(191,30): error CS1003: 语法错误，应输入“>” [C:\Users\huaji\Workplace\github\Catga\tests\Catga.Tests\Catga.Tests.csproj]
C:\Users\huaji\Workplace\github\Catga\tests\Catga.Tests\Transport\QosVerificationTests.cs(191,30): error CS1519: Invalid token ';' in a member declaration [C:\Users\huaji\Workplace\github\Catga\tests\Catga.Tests\Catga.Tests.csproj]
C:\Users\huaji\Workplace\github\Catga\tests\Catga.Tests\Transport\QosVerificationTests.cs(191,33): error CS1519: Invalid token '++' in a member declaration [C:\Users\huaji\Workplace\github\Catga\tests\Catga.Tests\Catga.Tests.csproj]
C:\Users\huaji\Workplace\github\Catga\tests\Catga.Tests\Transport\QosVerificationTests.cs(193,48): error CS1001: 应输入标识符 [C:\Users\huaji\Workplace\github\Catga\tests\Catga.Tests\Catga.Tests.csproj]
C:\Users\huaji\Workplace\github\Catga\tests\Catga.Tests\Transport\QosVerificationTests.cs(193,57): error CS1001: 应输入标识符 [C:\Users\huaji\Workplace\github\Catga\tests\Catga.Tests\Catga.Tests.csproj]
C:\Users\huaji\Workplace\github\Catga\tests\Catga.Tests\Transport\QosVerificationTests.cs(198,40): error CS0116: 命名空间不能直接包含字段、方法或语句之类的成员 [C:\Users\huaji\Workplace\github\Catga\tests\Catga.Tests\Catga.Tests.csproj]
C:\Users\huaji\Workplace\github\Catga\tests\Catga.Tests\Transport\QosVerificationTests.cs(198,47): error CS8124: 元组必须包含至少两个元素。 [C:\Users\huaji\Workplace\github\Catga\tests\Catga.Tests\Catga.Tests.csproj]
C:\Users\huaji\Workplace\github\Catga\tests\Catga.Tests\Transport\QosVerificationTests.cs(198,48): error CS1022: 应输入类型、命名空间定义或文件尾 [C:\Users\huaji\Workplace\github\Catga\tests\Catga.Tests\Catga.Tests.csproj]
C:\Users\huaji\Workplace\github\Catga\tests\Catga.Tests\Transport\QosVerificationTests.cs(198,52): error CS1001: 应输入标识符 [C:\Users\huaji\Workplace\github\Catga\tests\Catga.Tests\Catga.Tests.csproj]
C:\Users\huaji\Workplace\github\Catga\tests\Catga.Tests\Transport\QosVerificationTests.cs(198,53): error CS1031: 应输入类型 [C:\Users\huaji\Workplace\github\Catga\tests\Catga.Tests\Catga.Tests.csproj]
C:\Users\huaji\Workplace\github\Catga\tests\Catga.Tests\Transport\QosVerificationTests.cs(198,53): error CS1001: 应输入标识符 [C:\Users\huaji\Workplace\github\Catga\tests\Catga.Tests\Catga.Tests.csproj]
C:\Users\huaji\Workplace\github\Catga\tests\Catga.Tests\Transport\QosVerificationTests.cs(198,54): error CS1031: 应输入类型 [C:\Users\huaji\Workplace\github\Catga\tests\Catga.Tests\Catga.Tests.csproj]
C:\Users\huaji\Workplace\github\Catga\tests\Catga.Tests\Transport\QosVerificationTests.cs(198,54): error CS1001: 应输入标识符 [C:\Users\huaji\Workplace\github\Catga\tests\Catga.Tests\Catga.Tests.csproj]
C:\Users\huaji\Workplace\github\Catga\tests\Catga.Tests\Transport\QosVerificationTests.cs(198,54): error CS1003: 语法错误，应输入“,” [C:\Users\huaji\Workplace\github\Catga\tests\Catga.Tests\Catga.Tests.csproj]
C:\Users\huaji\Workplace\github\Catga\tests\Catga.Tests\Transport\QosVerificationTests.cs(200,5): error CS1022: 应输入类型、命名空间定义或文件尾 [C:\Users\huaji\Workplace\github\Catga\tests\Catga.Tests\Catga.Tests.csproj]
C:\Users\huaji\Workplace\github\Catga\tests\Catga.Tests\Transport\QosVerificationTests.cs(202,5): error CS8803: 顶级语句必须位于命名空间和类型声明之前。 [C:\Users\huaji\Workplace\github\Catga\tests\Catga.Tests\Catga.Tests.csproj]
C:\Users\huaji\Workplace\github\Catga\tests\Catga.Tests\Transport\QosVerificationTests.cs(203,5): error CS0106: 修饰符“public”对该项无效 [C:\Users\huaji\Workplace\github\Catga\tests\Catga.Tests\Catga.Tests.csproj]
C:\Users\huaji\Workplace\github\Catga\tests\Catga.Tests\Transport\QosVerificationTests.cs(229,5): error CS0106: 修饰符“public”对该项无效 [C:\Users\huaji\Workplace\github\Catga\tests\Catga.Tests\Catga.Tests.csproj]
C:\Users\huaji\Workplace\github\Catga\tests\Catga.Tests\Transport\QosVerificationTests.cs(255,5): error CS0106: 修饰符“public”对该项无效 [C:\Users\huaji\Workplace\github\Catga\tests\Catga.Tests\Catga.Tests.csproj]
C:\Users\huaji\Workplace\github\Catga\tests\Catga.Tests\Transport\QosVerificationTests.cs(271,5): error CS0106: 修饰符“public”对该项无效 [C:\Users\huaji\Workplace\github\Catga\tests\Catga.Tests\Catga.Tests.csproj]
C:\Users\huaji\Workplace\github\Catga\tests\Catga.Tests\Transport\QosVerificationTests.cs(295,1): error CS1022: 应输入类型、命名空间定义或文件尾 [C:\Users\huaji\Workplace\github\Catga\tests\Catga.Tests\Catga.Tests.csproj]
    2 个警告
    36 个错误

已用时间 00:00:03.11

有可用的工作负载更新。有关详细信息，请运行 `dotnet workload list`。
